[backblue.gif]
[fade.gif]
[index.html]
[cdnjs.cloudflare.com/ajax/libs/normalize/8.0.1/normalize.css]
[localhost_8081/pro02/jquery-1.10.1.min.js]
[localhost_8081/pro02/datatables.min.js]
[maxcdn.bootstrapcdn.com/bootstrap/3.3.2/css/bootstrap.min.css]
[maxcdn.bootstrapcdn.com/bootstrap/3.3.2/css/bootstrap-theme.min.css]
[maxcdn.bootstrapcdn.com/bootstrap/3.3.2/js/bootstrap.min.js]
[localhost_8081/pro02/img/favicon2.ico]
[code.jquery.com/jquery-1.12.4.js]
[localhost_8081/pro02/product/img/ham2.jpg]
[localhost_8081/pro02/product/img/02090001.jpg]
[localhost_8081/pro02/product/img/02070001.jpg]
[localhost_8081/pro02/product/img/gf2.jpg]
[localhost_8081/pro02/product/img/IMG_67872.jpg]
[localhost_8081/pro02/product/img/01050001.jpg]
[localhost_8081/pro02/product/img/01030002.jpg]
[localhost_8081/pro02/product/img/01030001.jpg]
[localhost_8081/pro02/product/img/01020002.jpg]
[localhost_8081/pro02/product/img/01020001.jpg]
[localhost_8081/pro02/product/img/chu2.jpg]
[localhost_8081/pro02/product/img/01010001.jpg]
[localhost_8081/pro02/ProductList.html]
[localhost_8081/pro02/img/main.jpg]
[localhost_8081/pro02/img/favicon.html]
[localhost_8081/pro02/img/img_visual50.html]
[cdnjs.cloudflare.com/ajax/libs/normalize/8.0.1/normalize.css]
[localhost_8081/pro02/datatables.min.css]
[maxcdn.bootstrapcdn.com/bootstrap/3.3.2/css/bootstrap.min.css]
[maxcdn.bootstrapcdn.com/bootstrap/3.3.2/css/bootstrap-theme.min.css]
[localhost_8081/pro02/UserLogin.html]
[localhost_8081/pro02/UserJoin.html]
[localhost_8081/pro02/index.html]
[localhost_8081/pro02/ProductList19f7.html]
[localhost_8081/pro02/ProductList52d8.html]
[localhost_8081/pro02/ProductList7ad2.html]
[localhost_8081/pro02/ProductListeae8.html]
[localhost_8081/pro02/ProductListd9f3.html]
[localhost_8081/pro02/ProductList469d.html]
[localhost_8081/pro02/ProductLista691.html]
[localhost_8081/pro02/ProductListb918.html]
[localhost_8081/pro02/ProductList2438.html]
[localhost_8081/pro02/ProductList6fd5.html]
[localhost_8081/pro02/ProductList7f30.html]
[localhost_8081/pro02/ProductList2889.html]
[localhost_8081/pro02/ProductList3885.html]
[localhost_8081/pro02/ProductList252e.html]
[localhost_8081/pro02/ProductListba10.html]
[localhost_8081/pro02/ProductList72e4.html]
[localhost_8081/pro02/ProductList9893.html]
[localhost_8081/pro02/ProductList06ac.html]
[localhost_8081/pro02/ProductList66e9.html]
[localhost_8081/pro02/ProductList586a.html]
[localhost_8081/pro02/ProductListbc9b.html]
[localhost_8081/pro02/ProductList45ea.html]
[localhost_8081/pro02/ProductList643c.html]
[localhost_8081/pro02/ProductList3356.html]
[localhost_8081/pro02/ProductListd4f9.html]
[localhost_8081/pro02/ProductList737e.html]
[localhost_8081/pro02/ProductList9fa1.html]
[localhost_8081/pro02/ProductListb722.html]
[localhost_8081/pro02/ProductListee4c.html]
[localhost_8081/pro02/ProductListdfef.html]
[localhost_8081/pro02/ProductList64de.html]
[localhost_8081/pro02/ProductList5a2f.html]
[localhost_8081/pro02/ProductLista508.html]
[localhost_8081/pro02/ProductListd091.html]
[localhost_8081/pro02/ProductList222e.html]
[localhost_8081/pro02/ProductList37d2.html]
[localhost_8081/pro02/ProductListd10b.html]
[localhost_8081/pro02/NoticeList.html]
[localhost_8081/pro02/FaqList.html]
[localhost_8081/pro02/QnaList.html]
[localhost_8081/pro02/ReviewList.html]
[localhost_8081/pro02/EventList.html]
[localhost_8081/pro02/ProductDetailcfe0.html]
[localhost_8081/pro02/InsertCartcfe0.html]
[localhost_8081/pro02/product/img/02090001.jpg]
[localhost_8081/pro02/ProductDetail7d28.html]
[localhost_8081/pro02/InsertCart7d28.html]
[localhost_8081/pro02/ProductDetaila718.html]
[localhost_8081/pro02/InsertCarta718.html]
[localhost_8081/pro02/product/img/gf2.jpg]
[localhost_8081/pro02/ProductDetail0370.html]
[localhost_8081/pro02/InsertCart0370.html]
[localhost_8081/pro02/ProductDetail6abe.html]
[localhost_8081/pro02/ProductDetail9254.html]
[localhost_8081/pro02/InsertCart9254.html]
[localhost_8081/pro02/ProductDetail2e3a.html]
[localhost_8081/pro02/InsertCart2e3a.html]
[localhost_8081/pro02/ProductDetailc38f.html]
[localhost_8081/pro02/ProductDetail9561.html]
[localhost_8081/pro02/InsertCart9561.html]
[localhost_8081/pro02/ProductDetail771e.html]
[localhost_8081/pro02/InsertCart771e.html]
[localhost_8081/pro02/ProductDetail605e.html]
[localhost_8081/pro02/InsertCart605e.html]
[localhost_8081/pro02/ProductDetail3871.html]
[localhost_8081/pro02/InsertCart3871.html]
[localhost_8081/pro02/UserSignUp.html]
[localhost_8081/jquery-1.10.1.min.html]
[localhost_8081/datatables.min.html]
[localhost_8081/datatables.min-2.html]
[localhost_8081/pro02/data/noti21.jpg]
[t1.daumcdn.net/mapjsapi/bundle/postcode/prod/postcode.v2.js]
[localhost_8081/pro02/GetNoticef173.html]
[localhost_8081/pro02/GetNoticef497.html]
[localhost_8081/pro02/data/usecase.png]
[localhost_8081/pro02/GetNotice5eb3.html]
[localhost_8081/pro02/GetNoticee289.html]
[localhost_8081/pro02/GetNoticeed55.html]
[localhost_8081/pro02/GetNotice267d.html]
[localhost_8081/pro02/GetNoticed2ef.html]
[localhost_8081/pro02/GetNotice88d7.html]
[localhost_8081/pro02/GetNotice462f.html]
[localhost_8081/pro02/GetNoticef9fb.html]
[localhost_8081/pro02/GetNoticef16a.html]
[localhost_8081/pro02/GetNoticee578.html]
[localhost_8081/pro02/GetNotice3a61.html]
[localhost_8081/pro02/GetNoticece56.html]
[localhost_8081/pro02/GetNotice1c55.html]
[localhost_8081/pro02/GetNoticedc32.html]
[localhost_8081/pro02/GetNotice3702.html]
[localhost_8081/pro02/GetNoticef70c.html]
[localhost_8081/pro02/GetNotice5b52.html]
[localhost_8081/pro02/InsertNotice.html]
[localhost_8081/pro02/GetQna25ce.html]
[localhost_8081/pro02/GetReply680c.html]
[localhost_8081/pro02/AddSales3eee.html]
[localhost_8081/pro02/MyCart5445.html]
[localhost_8081/pro02/AddSalesdc52.html]
[localhost_8081/pro02/AddSales3dc4.html]
[cdn.iamport.kr/js/iamport.payment-1.1.5.js]
[localhost_8081/pro02/AddSalese064.html]
[localhost_8081/pro02/AddSales87d7.html]
[localhost_8081/pro02/AddSales029a.html]
[localhost_8081/pro02/AddSales9a9d.html]
[localhost_8081/pro02/AddSales567d.html]
[localhost_8081/pro02/AddSalesece1.html]
[localhost_8081/pro02/AddSales902e.html]
[localhost_8081/pro02/InsertNoticePro.html]
[localhost_8081/pro02/UpdateNoticef173.html]
[localhost_8081/pro02/data/sample.html]
[localhost_8081/pro02/UpdateNoticef497.html]
[localhost_8081/pro02/UpdateNotice5eb3.html]
[localhost_8081/pro02/data/logo.html]
[localhost_8081/pro02/UpdateNoticee289.html]
[localhost_8081/pro02/다운로드.html]
[localhost_8081/pro02/GetQna680c.html]
[localhost_8081/pro02/noti21.html]
[localhost_8081/pro02/usecase.html]
[localhost_8081/pro02/logo.html]
[localhost_8081/pro02/UpdateNoticeed55.html]
[localhost_8081/pro02/UpdateNotice267d.html]
[localhost_8081/pro02/UpdateNoticed2ef.html]
[localhost_8081/pro02/UpdateNotice88d7.html]
[localhost_8081/pro02/UpdateNotice462f.html]
[localhost_8081/pro02/UpdateNoticef9fb.html]
[localhost_8081/pro02/UpdateNoticef16a.html]
[localhost_8081/pro02/UpdateNoticee578.html]
[localhost_8081/pro02/UpdateNotice3a61.html]
[localhost_8081/pro02/UpdateNoticece56.html]
[localhost_8081/pro02/UpdateNotice1c55.html]
[localhost_8081/pro02/UpdateNoticedc32.html]
[localhost_8081/pro02/UpdateNotice3702.html]
[localhost_8081/pro02/UpdateNoticef70c.html]
[localhost_8081/pro02/UpdateNotice5b52.html]
